
Circuit 1 cell sky130_fd_pr__nfet_01v8 and Circuit 2 cell sky130_fd_pr__nfet_01v8 are black boxes.
Warning: Equate pins:  cell sky130_fd_pr__nfet_01v8 is a placeholder, treated as a black box.
Warning: Equate pins:  cell sky130_fd_pr__nfet_01v8 is a placeholder, treated as a black box.

Subcircuit pins:
Circuit 1: sky130_fd_pr__nfet_01v8         |Circuit 2: sky130_fd_pr__nfet_01v8         
-------------------------------------------|-------------------------------------------
1                                          |1                                          
2                                          |2                                          
3                                          |3                                          
4                                          |4                                          
---------------------------------------------------------------------------------------
Cell pin lists are equivalent.
Device classes sky130_fd_pr__nfet_01v8 and sky130_fd_pr__nfet_01v8 are equivalent.

Circuit 1 cell sky130_fd_pr__pfet_01v8 and Circuit 2 cell sky130_fd_pr__pfet_01v8 are black boxes.
Warning: Equate pins:  cell sky130_fd_pr__pfet_01v8 is a placeholder, treated as a black box.
Warning: Equate pins:  cell sky130_fd_pr__pfet_01v8 is a placeholder, treated as a black box.

Subcircuit pins:
Circuit 1: sky130_fd_pr__pfet_01v8         |Circuit 2: sky130_fd_pr__pfet_01v8         
-------------------------------------------|-------------------------------------------
1                                          |1                                          
2                                          |2                                          
3                                          |3                                          
4                                          |4                                          
---------------------------------------------------------------------------------------
Cell pin lists are equivalent.
Device classes sky130_fd_pr__pfet_01v8 and sky130_fd_pr__pfet_01v8 are equivalent.

Subcircuit summary:
Circuit 1: inverter                        |Circuit 2: inverter                        
-------------------------------------------|-------------------------------------------
sky130_fd_pr__nfet_01v8 (1)                |sky130_fd_pr__nfet_01v8 (1)                
sky130_fd_pr__pfet_01v8 (1)                |sky130_fd_pr__pfet_01v8 (1)                
Number of devices: 2                       |Number of devices: 2                       
Number of nets: 4                          |Number of nets: 4                          
---------------------------------------------------------------------------------------
Netlists match uniquely with property errors.
sky130_fd_pr__pfet_01v8:1 vs. sky130_fd_pr__pfet_01v8:M2:
 ps circuit1: 3.4   circuit2: 3.1   (delta=9.23%, cutoff=0%)
 as circuit1: 0.5544   circuit2: 0.3654   (delta=41.1%, cutoff=0%)
 pd circuit1: 3.42   circuit2: 3.1   (delta=9.82%, cutoff=0%)
 ad circuit1: 0.567   circuit2: 0.3654   (delta=43.2%, cutoff=0%)
sky130_fd_pr__pfet_01v8:1 vs. sky130_fd_pr__pfet_01v8:M2:
Property mult in circuit2 has no matching property in circuit1
sky130_fd_pr__pfet_01v8:1 vs. sky130_fd_pr__pfet_01v8:M2:
Property nf in circuit2 has no matching property in circuit1
sky130_fd_pr__nfet_01v8:0 vs. sky130_fd_pr__nfet_01v8:M1:
 ps circuit1: 1.72   circuit2: 1.42   (delta=19.1%, cutoff=0%)
 as circuit1: 0.1848   circuit2: 0.1218   (delta=41.1%, cutoff=0%)
 pd circuit1: 1.72   circuit2: 1.42   (delta=19.1%, cutoff=0%)
 ad circuit1: 0.1848   circuit2: 0.1218   (delta=41.1%, cutoff=0%)
sky130_fd_pr__nfet_01v8:0 vs. sky130_fd_pr__nfet_01v8:M1:
Property mult in circuit2 has no matching property in circuit1
sky130_fd_pr__nfet_01v8:0 vs. sky130_fd_pr__nfet_01v8:M1:
Property nf in circuit2 has no matching property in circuit1

Subcircuit pins:
Circuit 1: inverter                        |Circuit 2: inverter                        
-------------------------------------------|-------------------------------------------
Out                                        |Out                                        
G                                          |G                                          
VSS                                        |VSS                                        
VDD                                        |VDD                                        
---------------------------------------------------------------------------------------
Cell pin lists are equivalent.
Device classes inverter and inverter are equivalent.

Final result: Circuits match uniquely.
Property errors were found.

The following cells had property errors:
 inverter
